package b

import a0 "a"

import "c"

import (
	"a"
	. "c"
)

func f() {
	a.One() // want `cannot inline call to a.One because body refers to non-exported one`

	_ = 2 // want `Call of \(a.T\).Two should be inlined`
}

//go:fix forward
const in2 = a.Uno

//go:fix forward
const in3 = C // c.C, by dot import

func g() {
	x := a.Uno // want `Constant a\.In1 should be forwarded`

	a := 1
	// Although the package identifier "a" is shadowed here,
	// a second import of "a" will be added with a new package identifer.
	x = a0.Uno // want `Constant in2 should be forwarded`

	x = c.C // want `Constant in3 should be forwarded`

	_ = a
	_ = x
}
