package a

// Functions.

func f() {
	_ = one // want `Call of a.One should be inlined`

	_ = 2 // want `Call of \(a.T\).Two should be inlined`
}

type T struct{}

//go:fix inline
func One() int { return one } // want One:`goFixInline a.One`

const one = 1

//go:fix inline
func (T) Two() int { return 2 } // want Two:`goFixInline \(a.T\).Two`

// Constants.

const Uno = 1

//go:fix inline
const In1 = Uno // want In1: `goFixInline const "a".Uno`

const (
	no1 = one

	//go:fix inline
	In2 = one // want In2: `goFixInline const "a".one`
)

//go:fix inline
const (
	in3  = one
	in4  = one
	bad1 = 1 // want `invalid //go:fix inline directive: const value is not the name of another constant`
)

//go:fix inline
const in5,
	in6,
	bad2 = one, one,
	one + 1 // want `invalid //go:fix inline directive: const value is not the name of another constant`

// Make sure we don't crash on iota consts, but still process the whole decl.
//
//go:fix inline
const (
	a = iota
	b
	in7 = one
)

func _() {
	x := Uno // want `Constant In1 should be inlined`
	x = one  // want `Constant In2 should be inlined`
	x = one  // want `Constant in3 should be inlined`
	x = one  // want `Constant in4 should be inlined`
	x = one  // want `Constant in5 should be inlined`
	x = one  // want `Constant in6 should be inlined`
	x = one  // want `Constant in7 should be inlined`
	x = no1
	_ = x

	in1 := 1 // don't inline lvalues
	_ = in1
}
