// want +3 `.build line is no longer needed`

//go:build linux && amd64

package plusbuild

