package waitgroup

import (
	"fmt"
	. "sync"
)

// supported case for pattern 1.
func _() {
	var wg WaitGroup
	wg.Go(func() {
		fmt.Println()
	})

	wg.Go(func() {
		fmt.Println()
	})
}